==== SECOND_STAGE_READONLY_COLLECTION ====
说明：本次只做硬件、系统、存储、网络、外设只读画像，不安装、不升级、不修改配置、不写盘、不接线测试。

==== 1. HARDWARE_INFO ====

==== lscpu ====
Architecture:        loongarch64
Byte Order:          Little Endian
CPU(s):              2
On-line CPU(s) list: 0,1
Thread(s) per core:  1
Core(s) per socket:  2
Socket(s):           1
CPU family:          Loongson-64bit
BogoMIPS:            2000.00
L1d cache:           32K
L1i cache:           32K
L2 cache:            1024K
Flags:               cpucfg lam fpu lsx crc32 lbt_mips

==== cat /proc/cpuinfo ====
system type		: generic-loongson-machine
processor		: 0
package			: 0
core			: 0
cpu family		: Loongson-64bit
model name		: 
CPU Revision		: 0x00
FPU Revision		: 0x00
CPU MHz			: 1000.00
BogoMIPS		: 2000.00
TLB entries		: 64
Address sizes		: 40 bits physical, 40 bits virtual
isa			: loongarch32 loongarch64
features		: cpucfg lam fpu lsx crc32 lbt_mips
hardware watchpoint	: yes, iwatch count: 4, dwatch count: 2

processor		: 1
package			: 0
core			: 1
cpu family		: Loongson-64bit
model name		: 
CPU Revision		: 0x00
FPU Revision		: 0x00
CPU MHz			: 1000.00
BogoMIPS		: 2000.00
TLB entries		: 64
Address sizes		: 40 bits physical, 40 bits virtual
isa			: loongarch32 loongarch64
features		: cpucfg lam fpu lsx crc32 lbt_mips
hardware watchpoint	: yes, iwatch count: 4, dwatch count: 2


==== free -h ====
              total        used        free      shared  buff/cache   available
Mem:          1.4Gi       508Mi       245Mi        20Mi       648Mi       657Mi
Swap:         1.3Gi       8.0Mi       1.3Gi

==== cat /proc/meminfo ====
MemTotal:        1436592 kB
MemFree:          251648 kB
MemAvailable:     673648 kB
Buffers:            1312 kB
Cached:           565248 kB
SwapCached:         1136 kB
Active:           391248 kB
Inactive:         447936 kB
Active(anon):     134624 kB
Inactive(anon):   138896 kB
Active(file):     256624 kB
Inactive(file):   309040 kB
Unevictable:           0 kB
Mlocked:               0 kB
SwapTotal:       1401840 kB
SwapFree:        1393648 kB
Dirty:                48 kB
Writeback:             0 kB
AnonPages:        271552 kB
Mapped:           106560 kB
Shmem:             20880 kB
Slab:             181328 kB
SReclaimable:      97536 kB
SUnreclaim:        83792 kB
KernelStack:        4144 kB
PageTables:         9952 kB
Quicklists:        58368 kB
NFS_Unstable:          0 kB
Bounce:                0 kB
WritebackTmp:          0 kB
CommitLimit:     2120128 kB
Committed_AS:    1566496 kB
VmallocTotal:   528416735 kB
VmallocUsed:           0 kB
VmallocChunk:          0 kB
Percpu:             1472 kB
AnonHugePages:         0 kB
ShmemHugePages:        0 kB
ShmemPmdMapped:        0 kB
CmaTotal:              0 kB
CmaFree:               0 kB
HugePages_Total:       0
HugePages_Free:        0
HugePages_Rsvd:        0
HugePages_Surp:        0
Hugepagesize:      32768 kB
Hugetlb:               0 kB

==== lsblk -f ====
NAME   FSTYPE LABEL UUID                                 FSAVAIL FSUSE% MOUNTPOINT
sda                                                                     
├─sda1 ext2         7b00deba-eb2a-4e9f-9b08-bf07fba2d3d4  224.4M    14% /boot
├─sda2 vfat         5BBC-25CC                             285.4M     0% /boot/efi
├─sda3 xfs          cdec6021-84f5-4152-8f50-9b7e6bf9951f    1.9G    62% /
├─sda4 swap         3daea960-0393-464f-8b2b-e92f4490b940                [SWAP]
└─sda5 xfs          3807ebc9-cfd7-42c1-9f5e-5f81904a9a6c    4.5G    44% /data

==== lspci ====
00:09.0 PCI bridge: Loongson Technology LLC PCI-to-PCI Bridge (rev 01)
00:0a.0 PCI bridge: Loongson Technology LLC PCI-to-PCI Bridge (rev 01)
00:0b.0 PCI bridge: Loongson Technology LLC PCI-to-PCI Bridge (rev 01)
00:0c.0 PCI bridge: Loongson Technology LLC PCI-to-PCI Bridge (rev 01)
00:0d.0 PCI bridge: Loongson Technology LLC PCI-to-PCI Bridge (rev 01)
00:0e.0 PCI bridge: Loongson Technology LLC PCI-to-PCI Bridge (rev 01)
10:00.0 USB controller: ASMedia Technology Inc. ASM1042A USB 3.0 Host Controller

==== lsusb ====
Bus 003 Device 001: ID 1d6b:0003 Linux Foundation 3.0 root hub
Bus 002 Device 001: ID 1d6b:0002 Linux Foundation 2.0 root hub
Bus 005 Device 001: ID 1d6b:0001 Linux Foundation 1.1 root hub
Bus 004 Device 001: ID 1d6b:0002 Linux Foundation 2.0 root hub
Bus 001 Device 001: ID 1d6b:0002 Linux Foundation 2.0 root hub

==== 2. SYSTEM_INFO ====

==== uname -a ====
Linux loongson 4.19.0-18-loongson-2k #1 SMP pkg_lne10_4.19.190.7.9 Tue Aug 1 12:04:19 UTC 2023 loongarch64 loongarch64 loongarch64 GNU/Linux

==== cat /etc/os-release ====
PRETTY_NAME="Loongnix-Embedded GNU/Linux 20 (DaoXiangHu)"
NAME="Loongnix-Embedded GNU/Linux"
VERSION_ID="20"
VERSION="20 (DaoXiangHu)"
VERSION_CODENAME=DaoXiangHu
ID=Loongnix-Embedded
HOME_URL="https://www.loongnix.cn/"
SUPPORT_URL="https://www.loongnix.cn/"
BUG_REPORT_URL="http://www.loongnix.cn/"

==== systemctl --version ====
systemd 241 (241)
+PAM +AUDIT +SELINUX +IMA +APPARMOR +SMACK +SYSVINIT +UTMP +LIBCRYPTSETUP +GCRYPT +GNUTLS +ACL +XZ +LZ4 -SECCOMP +BLKID +ELFUTILS +KMOD -IDN2 +IDN -PCRE2 default-hierarchy=hybrid

==== systemctl --failed ====
  UNIT                         LOAD   ACTIVE SUB    DESCRIPTION        
● nftables.service             loaded failed failed nftables           
● systemd-modules-load.service loaded failed failed Load Kernel Modules

LOAD   = Reflects whether the unit definition was properly loaded.
ACTIVE = The high-level unit activation state, i.e. generalization of SUB.
SUB    = The low-level unit activation state, values depend on unit type.

2 loaded units listed. Pass --all to see loaded but inactive units, too.
To show all installed unit files use 'systemctl list-unit-files'.

==== cat /proc/device-tree/model ====
loongson,LS2K1000_PAI_UDB_V1_5 
==== cat /proc/device-tree/compatible ====
loongson,ls2k 
==== cat /proc/cmdline ====
earlycon root=UUID=cdec6021-84f5-4152-8f50-9b7e6bf9951f ro quiet  nokaslr

==== 3. STORAGE_BOOT_INFO ====

==== df -h ====
文件系统        容量  已用  可用 已用% 挂载点
udev            688M     0  688M    0% /dev
tmpfs           141M   18M  123M   13% /run
/dev/sda3       5.0G  3.1G  1.9G   63% /
tmpfs           702M     0  702M    0% /dev/shm
tmpfs           5.0M     0  5.0M    0% /run/lock
tmpfs           702M     0  702M    0% /sys/fs/cgroup
/dev/sda5       8.1G  3.6G  4.5G   45% /data
/dev/sda1       276M   38M  225M   15% /boot
/dev/sda2       286M  4.0K  286M    1% /boot/efi
tmpfs           141M   48K  141M    1% /run/user/112
tmpfs           141M     0  141M    0% /run/user/1000

==== mount ====
sysfs on /sys type sysfs (rw,nosuid,nodev,noexec,relatime)
proc on /proc type proc (rw,nosuid,nodev,noexec,relatime)
udev on /dev type devtmpfs (rw,nosuid,relatime,size=704256k,nr_inodes=44016,mode=755)
devpts on /dev/pts type devpts (rw,nosuid,noexec,relatime,gid=5,mode=620,ptmxmode=000)
tmpfs on /run type tmpfs (rw,nosuid,noexec,relatime,size=143664k,mode=755)
/dev/sda3 on / type xfs (rw,relatime,attr2,inode64,noquota)
securityfs on /sys/kernel/security type securityfs (rw,nosuid,nodev,noexec,relatime)
tmpfs on /dev/shm type tmpfs (rw,nosuid,nodev)
tmpfs on /run/lock type tmpfs (rw,nosuid,nodev,noexec,relatime,size=5120k)
tmpfs on /sys/fs/cgroup type tmpfs (ro,nosuid,nodev,noexec,mode=755)
cgroup2 on /sys/fs/cgroup/unified type cgroup2 (rw,nosuid,nodev,noexec,relatime,nsdelegate)
cgroup on /sys/fs/cgroup/systemd type cgroup (rw,nosuid,nodev,noexec,relatime,xattr,name=systemd)
bpf on /sys/fs/bpf type bpf (rw,nosuid,nodev,noexec,relatime,mode=700)
cgroup on /sys/fs/cgroup/net_cls,net_prio type cgroup (rw,nosuid,nodev,noexec,relatime,net_cls,net_prio)
cgroup on /sys/fs/cgroup/cpuset type cgroup (rw,nosuid,nodev,noexec,relatime,cpuset)
cgroup on /sys/fs/cgroup/devices type cgroup (rw,nosuid,nodev,noexec,relatime,devices)
cgroup on /sys/fs/cgroup/blkio type cgroup (rw,nosuid,nodev,noexec,relatime,blkio)
cgroup on /sys/fs/cgroup/rdma type cgroup (rw,nosuid,nodev,noexec,relatime,rdma)
cgroup on /sys/fs/cgroup/cpu,cpuacct type cgroup (rw,nosuid,nodev,noexec,relatime,cpu,cpuacct)
cgroup on /sys/fs/cgroup/freezer type cgroup (rw,nosuid,nodev,noexec,relatime,freezer)
cgroup on /sys/fs/cgroup/hugetlb type cgroup (rw,nosuid,nodev,noexec,relatime,hugetlb)
cgroup on /sys/fs/cgroup/pids type cgroup (rw,nosuid,nodev,noexec,relatime,pids)
cgroup on /sys/fs/cgroup/perf_event type cgroup (rw,nosuid,nodev,noexec,relatime,perf_event)
cgroup on /sys/fs/cgroup/memory type cgroup (rw,nosuid,nodev,noexec,relatime,memory)
systemd-1 on /proc/sys/fs/binfmt_misc type autofs (rw,relatime,fd=30,pgrp=1,timeout=0,minproto=5,maxproto=5,direct)
debugfs on /sys/kernel/debug type debugfs (rw,relatime)
hugetlbfs on /dev/hugepages type hugetlbfs (rw,relatime,pagesize=32M)
mqueue on /dev/mqueue type mqueue (rw,relatime)
configfs on /sys/kernel/config type configfs (rw,relatime)
/dev/sda5 on /data type xfs (rw,relatime,attr2,inode64,noquota)
/dev/sda5 on /opt type xfs (rw,relatime,attr2,inode64,noquota)
/dev/sda5 on /var type xfs (rw,relatime,attr2,inode64,noquota)
/dev/sda5 on /home type xfs (rw,relatime,attr2,inode64,noquota)
/dev/sda5 on /root type xfs (rw,relatime,attr2,inode64,noquota)
/dev/sda1 on /boot type ext2 (rw,relatime,errors=continue,user_xattr,acl)
/dev/sda2 on /boot/efi type vfat (rw,relatime,fmask=0022,dmask=0022,codepage=936,iocharset=cp936,shortname=mixed,utf8,errors=remount-ro)
tmpfs on /run/user/112 type tmpfs (rw,nosuid,nodev,relatime,size=143648k,mode=700,uid=112,gid=120)
tmpfs on /run/user/1000 type tmpfs (rw,nosuid,nodev,relatime,size=143648k,mode=700,uid=1000,gid=1000)

==== findmnt ====
TARGET                                SOURCE           FSTYPE     OPTIONS
/                                     /dev/sda3        xfs        rw,relatime,attr2,inode64,noquota
├─/sys                                sysfs            sysfs      rw,nosuid,nodev,noexec,relatime
│ ├─/sys/kernel/security              securityfs       securityfs rw,nosuid,nodev,noexec,relatime
│ ├─/sys/fs/cgroup                    tmpfs            tmpfs      ro,nosuid,nodev,noexec,mode=755
│ │ ├─/sys/fs/cgroup/unified          cgroup2          cgroup2    rw,nosuid,nodev,noexec,relatime,nsdelegate
│ │ ├─/sys/fs/cgroup/systemd          cgroup           cgroup     rw,nosuid,nodev,noexec,relatime,xattr,name=systemd
│ │ ├─/sys/fs/cgroup/net_cls,net_prio cgroup           cgroup     rw,nosuid,nodev,noexec,relatime,net_cls,net_prio
│ │ ├─/sys/fs/cgroup/cpuset           cgroup           cgroup     rw,nosuid,nodev,noexec,relatime,cpuset
│ │ ├─/sys/fs/cgroup/devices          cgroup           cgroup     rw,nosuid,nodev,noexec,relatime,devices
│ │ ├─/sys/fs/cgroup/blkio            cgroup           cgroup     rw,nosuid,nodev,noexec,relatime,blkio
│ │ ├─/sys/fs/cgroup/rdma             cgroup           cgroup     rw,nosuid,nodev,noexec,relatime,rdma
│ │ ├─/sys/fs/cgroup/cpu,cpuacct      cgroup           cgroup     rw,nosuid,nodev,noexec,relatime,cpu,cpuacct
│ │ ├─/sys/fs/cgroup/freezer          cgroup           cgroup     rw,nosuid,nodev,noexec,relatime,freezer
│ │ ├─/sys/fs/cgroup/hugetlb          cgroup           cgroup     rw,nosuid,nodev,noexec,relatime,hugetlb
│ │ ├─/sys/fs/cgroup/pids             cgroup           cgroup     rw,nosuid,nodev,noexec,relatime,pids
│ │ ├─/sys/fs/cgroup/perf_event       cgroup           cgroup     rw,nosuid,nodev,noexec,relatime,perf_event
│ │ └─/sys/fs/cgroup/memory           cgroup           cgroup     rw,nosuid,nodev,noexec,relatime,memory
│ ├─/sys/fs/bpf                       bpf              bpf        rw,nosuid,nodev,noexec,relatime,mode=700
│ ├─/sys/kernel/debug                 debugfs          debugfs    rw,relatime
│ └─/sys/kernel/config                configfs         configfs   rw,relatime
├─/proc                               proc             proc       rw,nosuid,nodev,noexec,relatime
│ └─/proc/sys/fs/binfmt_misc          systemd-1        autofs     rw,relatime,fd=30,pgrp=1,timeout=0,minproto=5,maxproto=5,direct
├─/dev                                udev             devtmpfs   rw,nosuid,relatime,size=704256k,nr_inodes=44016,mode=755
│ ├─/dev/pts                          devpts           devpts     rw,nosuid,noexec,relatime,gid=5,mode=620,ptmxmode=000
│ ├─/dev/shm                          tmpfs            tmpfs      rw,nosuid,nodev
│ ├─/dev/hugepages                    hugetlbfs        hugetlbfs  rw,relatime,pagesize=32M
│ └─/dev/mqueue                       mqueue           mqueue     rw,relatime
├─/run                                tmpfs            tmpfs      rw,nosuid,noexec,relatime,size=143664k,mode=755
│ ├─/run/lock                         tmpfs            tmpfs      rw,nosuid,nodev,noexec,relatime,size=5120k
│ ├─/run/user/1000                    tmpfs            tmpfs      rw,nosuid,nodev,relatime,size=143648k,mode=700,uid=1000,gid=1000
│ └─/run/user/112                     tmpfs            tmpfs      rw,nosuid,nodev,relatime,size=143648k,mode=700,uid=112,gid=120
├─/data                               /dev/sda5        xfs        rw,relatime,attr2,inode64,noquota
├─/opt                                /dev/sda5[/opt]  xfs        rw,relatime,attr2,inode64,noquota
├─/var                                /dev/sda5[/var]  xfs        rw,relatime,attr2,inode64,noquota
├─/home                               /dev/sda5[/home] xfs        rw,relatime,attr2,inode64,noquota
├─/root                               /dev/sda5[/root] xfs        rw,relatime,attr2,inode64,noquota
└─/boot                               /dev/sda1        ext2       rw,relatime,errors=continue,user_xattr,acl
  └─/boot/efi                         /dev/sda2        vfat       rw,relatime,fmask=0022,dmask=0022,codepage=936,iocharset=cp936,shortname=mixed,utf8,errors=remount-ro

==== 4. NETWORK_INFO ====

==== ip addr ====
1: lo: <LOOPBACK,UP,LOWER_UP> mtu 65536 qdisc noqueue state UNKNOWN group default qlen 1000
    link/loopback 00:00:00:00:00:00 brd 00:00:00:00:00:00
    inet 127.0.0.1/8 scope host lo
       valid_lft forever preferred_lft forever
    inet6 ::1/128 scope host 
       valid_lft forever preferred_lft forever
2: eth0: <BROADCAST,MULTICAST,UP,LOWER_UP> mtu 1500 qdisc mq state UP group default qlen 1000
    link/ether 00:55:7b:b5:7d:f7 brd ff:ff:ff:ff:ff:ff
    inet 192.168.3.101/24 brd 192.168.3.255 scope global dynamic noprefixroute eth0
       valid_lft 75150sec preferred_lft 75150sec
    inet6 fe80::255:7bff:feb5:7df7/64 scope link noprefixroute 
       valid_lft forever preferred_lft forever
3: eth1: <BROADCAST,MULTICAST> mtu 1500 qdisc noop state DOWN group default qlen 1000
    link/ether 00:55:7b:b5:7d:f8 brd ff:ff:ff:ff:ff:ff
4: sit0@NONE: <NOARP> mtu 1480 qdisc noop state DOWN group default qlen 1000
    link/sit 0.0.0.0 brd 0.0.0.0

==== ip route ====
default via 192.168.3.1 dev eth0 proto dhcp metric 100 
192.168.3.0/24 dev eth0 proto kernel scope link src 192.168.3.101 metric 100 

==== cat /etc/resolv.conf ====
# Generated by NetworkManager
nameserver 192.168.3.1

==== ls -al /sys/class/net ====
总用量 0
drwxr-xr-x  2 root root 0 6月   9 17:36 .
drwxr-xr-x 51 root root 0 6月   5 18:06 ..
lrwxrwxrwx  1 root root 0 6月   9 17:36 eth0 -> ../../devices/platform/soc/40040000.ethernet/net/eth0
lrwxrwxrwx  1 root root 0 6月   9 17:36 eth1 -> ../../devices/platform/soc/40050000.ethernet/net/eth1
lrwxrwxrwx  1 root root 0 6月   9 17:36 lo -> ../../devices/virtual/net/lo
lrwxrwxrwx  1 root root 0 6月   9 17:36 sit0 -> ../../devices/virtual/net/sit0

==== for i in /sys/class/net/*; do echo "==== $i ===="; cat "$i/operstate" 2>/dev/null; cat "$i/address" 2>/dev/null; cat "$i/speed" 2>/dev/null; done ====
==== /sys/class/net/eth0 ====
up
00:55:7b:b5:7d:f7
1000
==== /sys/class/net/eth1 ====
down
00:55:7b:b5:7d:f8
==== /sys/class/net/lo ====
unknown
00:00:00:00:00:00
==== /sys/class/net/sit0 ====
down
00:00:00:00
[COMMAND_FAILED] for i in /sys/class/net/*; do echo "==== $i ===="; cat "$i/operstate" 2>/dev/null; cat "$i/address" 2>/dev/null; cat "$i/speed" 2>/dev/null; done

==== 5. PERIPHERAL_INFO_READONLY ====

==== ls -al /dev/i2c* 2>/dev/null ====
crw-rw---- 1 root i2c 89, 0 9月  17  2020 /dev/i2c-0
crw-rw---- 1 root i2c 89, 1 9月  17  2020 /dev/i2c-1

==== ls -al /dev/spidev* 2>/dev/null ====
crw------- 1 root root 153, 0 9月  17  2020 /dev/spidev0.1
crw------- 1 root root 153, 1 9月  17  2020 /dev/spidev0.4

==== ls -al /dev/ttyS* 2>/dev/null ====
crw--w---- 1 root tty     4, 64 6月   4 21:17 /dev/ttyS0
crw-rw---- 1 root dialout 4, 65 9月  17  2020 /dev/ttyS1
crw-rw---- 1 root dialout 4, 66 9月  17  2020 /dev/ttyS2
crw-rw---- 1 root dialout 4, 67 9月  17  2020 /dev/ttyS3

==== ls -al /dev/ttyUSB* 2>/dev/null ====
[COMMAND_FAILED] ls -al /dev/ttyUSB* 2>/dev/null

==== ls -al /dev/dri 2>/dev/null ====
总用量 0
drwxr-xr-x   3 root root        120 9月  17  2020 .
drwxr-xr-x  15 root root       3900 6月   4 21:17 ..
drwxr-xr-x   2 root root        100 9月  17  2020 by-path
crw-rw----+  1 root video  226,   0 6月   4 21:17 card0
crw-rw----+  1 root video  226,   1 9月  17  2020 card1
crw-rw----+  1 root render 226, 128 9月  17  2020 renderD128

==== ls -al /dev/snd 2>/dev/null ====
总用量 0
drwxr-xr-x   2 root root       80 9月  17  2020 .
drwxr-xr-x  15 root root     3900 6月   4 21:17 ..
crw-rw----+  1 root audio 116,  1 9月  17  2020 seq
crw-rw----+  1 root audio 116, 33 9月  17  2020 timer

==== ls -al /dev/rtc* 2>/dev/null ====
lrwxrwxrwx 1 root root      4 9月  17  2020 /dev/rtc -> rtc0
crw------- 1 root root 253, 0 9月  17  2020 /dev/rtc0

==== ls -al /sys/class/gpio 2>/dev/null ====
总用量 0
drwxr-xr-x  2 root root     0 6月   5 18:06 .
drwxr-xr-x 51 root root     0 6月   5 18:06 ..
--w-------  1 root root 16384 6月   5 18:06 export
lrwxrwxrwx  1 root root     0 6月   5 18:06 gpiochip0 -> ../../devices/platform/soc/1fe00500.gpio/gpio/gpiochip0
--w-------  1 root root 16384 6月   5 18:06 unexport

==== 6. OPTIONAL_LOG_CHECK ====

==== dmesg | tail -n 50 ====
[    4.523862] ehci-platform 40060000.ehci: USB 2.0 started, EHCI 1.00
[    4.524799] hub 4-0:1.0: USB hub found
[    4.524835] hub 4-0:1.0: 3 ports detected
[    4.526171] [drm] Initialized etnaviv 1.2.0 20151214 for etnaviv on minor 1
[    4.535026] ohci_hcd: USB 1.1 'Open' Host Controller (OHCI) Driver
[    4.538604] ohci-platform: OHCI generic platform driver
[    4.538865] ohci-platform 40070000.ohci: Generic Platform OHCI controller
[    4.538901] ohci-platform 40070000.ohci: new USB bus registered, assigned bus number 5
[    4.539054] ohci-platform 40070000.ohci: irq 70, io mem 0x40070000
[    4.605413] hub 5-0:1.0: USB hub found
[    4.605479] hub 5-0:1.0: 3 ports detected
[    4.606863] [drm] Cannot find any crtc or sizes
[    4.831764] XFS (sda3): Mounting V5 Filesystem
[    5.136793] XFS (sda3): Ending clean mount
[    5.462933] systemd[1]: System time before build time, advancing clock.
[    5.494888] systemd[1]: systemd 241 running in system mode. (+PAM +AUDIT +SELINUX +IMA +APPARMOR +SMACK +SYSVINIT +UTMP +LIBCRYPTSETUP +GCRYPT +GNUTLS +ACL +XZ +LZ4 -SECCOMP +BLKID +ELFUTILS +KMOD -IDN2 +IDN -PCRE2 default-hierarchy=hybrid)
[    5.495691] systemd[1]: Detected architecture loongarch64.
[    5.501339] systemd[1]: Set hostname to <loongson>.
[    5.941815] systemd[1]: Configuration file /etc/systemd/system/loongnix_gpu_driver.service is marked executable. Please remove executable permission bits. Proceeding anyway.
[    6.012072] random: systemd: uninitialized urandom read (16 bytes read)
[    6.018231] random: systemd: uninitialized urandom read (16 bytes read)
[    6.020664] systemd[1]: Created slice User and Session Slice.
[    6.021213] random: systemd: uninitialized urandom read (16 bytes read)
[    6.021630] systemd[1]: Listening on Journal Audit Socket.
[    6.022109] systemd[1]: Listening on udev Control Socket.
[    6.024111] systemd[1]: Created slice system-serial\x2dgetty.slice.
[    6.024674] systemd[1]: Listening on Journal Socket (/dev/log).
[    6.025505] systemd[1]: Set up automount Arbitrary Executable File Formats File System Automount Point.
[    7.521913] loongson-audio 400d0000.hda: no codecs found!
[    8.250147] XFS (sda5): Mounting V5 Filesystem
[    8.348289] XFS (sda5): Ending clean mount
[    8.371571] Adding 1401840k swap on /dev/sda4.  Priority:-2 extents:1 across:1401840k SS
[    8.539907] systemd-journald[1103]: Received request to flush runtime journal from PID 1
[    9.003913] FAT-fs (sda2): Volume was not properly unmounted. Some data may be corrupt. Please run fsck.
[   11.591571] random: crng init done
[   11.591582] random: 7 urandom warning(s) missed due to ratelimiting
[   11.724284] IPv6: ADDRCONF(NETDEV_UP): eth0: link is not ready
[   11.731240] Generic PHY stmmac-0:00: attached PHY driver [Generic PHY] (mii_bus:phy_addr=stmmac-0:00, irq=POLL)
[   11.733992] stmmaceth 40040000.ethernet eth0: No Safety Features support found
[   11.734013] stmmaceth 40040000.ethernet eth0: IEEE 1588-2008 Advanced Timestamp supported
[   11.735469] stmmaceth 40040000.ethernet eth0: registered PTP clock
[   11.743253] IPv6: ADDRCONF(NETDEV_UP): eth0: link is not ready
[   11.882119] IPv6: ADDRCONF(NETDEV_UP): eth1: link is not ready
[   11.890361] Generic PHY stmmac-1:00: attached PHY driver [Generic PHY] (mii_bus:phy_addr=stmmac-1:00, irq=POLL)
[   11.995581] stmmaceth 40050000.ethernet: Failed to reset the dma
[   12.001698] stmmaceth 40050000.ethernet eth1: stmmac_hw_setup: DMA engine initialization failed
[   12.010573] stmmaceth 40050000.ethernet eth1: stmmac_open: Hw setup failed
[   14.649527] [drm] Cannot find any crtc or sizes
[   17.892294] stmmaceth 40040000.ethernet eth0: Link is Up - 1Gbps/Full - flow control rx/tx
[   17.892330] IPv6: ADDRCONF(NETDEV_CHANGE): eth0: link becomes ready

==== journalctl -b --no-pager | tail -n 50 ====
Hint: You are currently not seeing messages from other users and the system.
      Users in the 'systemd-journal' group can see all messages. Pass -q to
      turn off this notice.
No journal files were opened due to insufficient permissions.

==== SECOND_STAGE_COLLECTION_FINISHED ====
